
> bass-clown-co@0.1.0 build
> next build

node.exe :  ÔÜá Warning: Next.js inferred your workspace root, but it 
may not be correct.
At line:1 char:1
+ & "C:\Program Files\nodejs/node.exe" "C:\Program 
Files\nodejs/node_mo ...
+ ~~~~~~~~~~~~~~~~~~~~~~~~~~~~~~~~~~~~~~~~~~~~~~~~~~~~~~~~~~~~~~~~~~~~~
    + CategoryInfo          : NotSpecified: ( ÔÜá Warning: N...not be  
   correct.:String) [], RemoteException
    + FullyQualifiedErrorId : NativeCommandError
 
 We detected multiple lockfiles and selected the directory of 
C:\Users\matt\package-lock.json as the root directory.
 To silence this warning, set `outputFileTracingRoot` in your Next.js 
config, or consider removing one of the lockfiles if it's not needed.
   See https://nextjs.org/docs/app/api-reference/config/next-config-js/
output#caveats for more information.
 Detected additional lockfiles: 
   * C:\Users\matt\Desktop\bassclown\dev website\package-lock.json

   Ôû▓ Next.js 15.5.6
   - Environments: .env.local

   Creating an optimized production build ...
 Ô£ô Compiled successfully in 10.5s
   Skipping linting
   Checking validity of types ...
Failed to compile.

./app/api/brand/analytics/route.ts:320:38
Type error: The left-hand side of an 'instanceof' expression must be 
of type 'any', an object type or a type parameter.

[0m [90m 318 |[39m       }[33m,[39m
 [90m 319 |[39m       contests[33m:[39m 
contestsData[33m.[39msort((a[33m,[39m b) [33m=>[39m {
[31m[1m>[22m[39m[90m 320 |[39m         [36mconst[39m aDate 
[33m=[39m a[33m.[39mcreatedAt [33m?[39m (a[33m.[39mcreatedAt 
[36minstanceof[39m [33mDate[39m [33m?[39m a[33m.[39mcreatedAt 
[33m:[39m [36mnew[39m [33mDate[39m(a[33m.[39mcreatedAt)) 
[33m:[39m [36mnew[39m [33mDate[39m([35m0[39m)[33m;[39m
 [90m     |[39m                                      
[31m[1m^[22m[39m
 [90m 321 |[39m         [36mconst[39m bDate [33m=[39m 
b[33m.[39mcreatedAt [33m?[39m (b[33m.[39mcreatedAt 
[36minstanceof[39m [33mDate[39m [33m?[39m b[33m.[39mcreatedAt 
[33m:[39m [36mnew[39m [33mDate[39m(b[33m.[39mcreatedAt)) 
[33m:[39m [36mnew[39m [33mDate[39m([35m0[39m)[33m;[39m
 [90m 322 |[39m         [36mreturn[39m bDate[33m.[39mgetTime() 
[33m-[39m aDate[33m.[39mgetTime()[33m;[39m
 [90m 323 |[39m       })[33m,[39m[0m
Next.js build worker exited with code: 1 and signal: null
